gongsipxe
[root@mlt-ace tftpboot]# pwd
/var/lib/tftpboot
[root@mlt-ace tftpboot]# ll
total 2300
drwxr-xr-x 4 root root     125 Nov 22  2017 1
-rw-r--r-- 1 root root    2967 Jul 25 15:04 grub.cfg
-rwxr-xr-x 1 root root 1052032 Nov 22  2017 grubx64.efi
drwxr-xr-x 4 root root     112 Jul 25 13:22 pxelinux
-rw-r--r-- 1 root root 1296176 Nov 22  2017 shim.efi
drwxr-xr-x 3 root root     191 Oct 29 09:02 tftpboot.old
[root@mlt-ace tftpboot]# cd  pxelinux/
[root@mlt-ace pxelinux]# ls
boot.msg  images  pxelinux.0  pxelinux.cfg  splash.png  vesamenu.c32
[root@mlt-ace pxelinux]# ll
total 188
-rw-r--r-- 1 root root     84 Nov 15  2017 boot.msg
drwxr-xr-x 6 root root     74 Jul 25 13:53 images
-rw-r--r-- 1 root root  26764 Nov 15  2017 pxelinux.0
drwxr-xr-x 2 root root     21 Oct 29 09:00 pxelinux.cfg
-rw-r--r-- 1 root root    186 Nov 15  2017 splash.png
-rw-r--r-- 1 root root 152976 Nov 15  2017 vesamenu.c32
[root@mlt-ace pxelinux]# cd  pxelinux.cfg/
[root@mlt-ace pxelinux.cfg]# ls
default
[root@mlt-ace pxelinux.cfg]# cat  default 
default vesamenu.c32
timeout 100

display boot.msg

# Clear the screen when exiting the menu, instead of leaving the menu displayed.
# For vesamenu, this means the graphical background is still displayed without
# the menu itself for as long as the screen remains in graphics mode.
menu clear
menu background splash.png
menu title CentOS Linux 7
menu vshift 8
menu rows 18
menu margin 8
#menu hidden
menu helpmsgrow 15
menu tabmsgrow 13

# Border Area
menu color border * #00000000 #00000000 none

# Selected item
menu color sel 0 #ffffffff #00000000 none

# Title bar
menu color title 0 #ff7ba3d0 #00000000 none

# Press [Tab] message
menu color tabmsg 0 #ff3a6496 #00000000 none

# Unselected menu item
menu color unsel 0 #84b8ffff #00000000 none

# Selected hotkey
menu color hotsel 0 #84b8ffff #00000000 none

# Unselected hotkey
menu color hotkey 0 #ffffffff #00000000 none

# Help text
menu color help 0 #ffffffff #00000000 none

# A scrollbar of some type? Not sure.
menu color scrollbar 0 #ffffffff #ff355594 none

# Timeout msg
menu color timeout 0 #ffffffff #00000000 none
menu color timeout_msg 0 #ffffffff #00000000 none

# Command prompt text
menu color cmdmark 0 #84b8ffff #00000000 none
menu color cmdline 0 #ffffffff #00000000 none

# Do not display the actual menu unless the user presses a key. All that is displayed is a timeout message.

menu tabmsg Press Tab for full configuration options on menu items.

menu separator # insert an empty line
menu separator # insert an empty line

label kickstart
  menu label ^KickStart Install CentOS Linux 7.4
  menu default
  kernel images/centos-7.4/vmlinuz
  append ks=http://192.168.10.1/ks.cfg initrd=images/centos-7.4/initrd.img

label kickstart-7.5
  menu label ^KickStart Install CentOS Linux 7.5
  menu default
  kernel images/centos-7.5/vmlinuz
  append ks=http://192.168.10.1/ks-75.cfg initrd=images/centos-7.5/initrd.img
 
label centos-7.5
  menu label ^Install CentOS Linux 7.5
  kernel images/centos-7.5/vmlinuz
  append initrd=images/centos-7.5/initrd.img ip=dhcp inst.repo=http://192.168.10.1/repo/centos/7.5.1804/os/x86_64/

label centos-7.4
  menu label ^Install CentOS Linux 7.4
  kernel images/centos-7.4/vmlinuz
  append initrd=images/centos-7.4/initrd.img ip=dhcp inst.repo=http://192.168.10.1/repo/centos/7.4.1708/os/x86_64/

label centos-7.3
  menu label ^Install CentOS Linux 7.3
  kernel images/centos-7.3/vmlinuz
  append initrd=images/centos-7.3/initrd.img ip=dhcp inst.repo=http://192.168.10.1/repo/centos/7.3.1611/os/x86_64/

label RHEL-7.5
  menu label ^Install Install Red Hat Enterprise Linux 7.5
  kernel images/RHEL-7.5/vmlinuz
  append initrd=images/RHEL-7.5/initrd.img ip=dhcp inst.repo=http://192.168.10.1/repo/redhat/rhel/RHEL-7.5-GA/Server/x86_64/os/

label RHEL-7.4
  menu label ^Install Install Red Hat Enterprise Linux 7.4
  kernel images/RHEL-7.4/vmlinuz
  append initrd=images/RHEL-7.4/initrd.img ip=dhcp inst.repo=http://192.168.10.1/repo/redhat/rhel/RHEL-7.4-GA/Server/x86_64/os/

menu separator # insert an empty line

# utilities submenu
menu begin ^Troubleshooting
  menu title Troubleshooting

label vesa
  menu indent count 5
  menu label Install CentOS Linux 7.4 in ^basic graphics mode
  text help
	Try this option out if you're having trouble installing
	CentOS Linux 7.
  endtext
  kernel images/centos-7.4/vmlinuz
  append initrd=images/centos-7.4/initrd.img ip=dhcp inst.xdriver=vesa nomodeset inst.repo=http://192.168.10.1/repo/centos/7.4.1708/os/x86_64/

label rescue
  menu indent count 5
  menu label ^Rescue a CentOS Linux system
  text help
	If the system will not boot, this lets you access files
	and edit config files to try to get it booting again.
  endtext
  kernel images/centos-7.4/vmlinuz
  append initrd=images/centos-7.4/initrd.img rescue

label memtest
  menu label Run a ^memory test
  text help
	If your system is having issues, a problem with your
	system's memory may be the cause. Use this utility to
	see if the memory is working correctly.
  endtext
  kernel images/centos-7.4/memtest

menu separator # insert an empty line

label local
  menu label Boot from ^local drive
  localboot 0xffff

menu separator # insert an empty line
menu separator # insert an empty line

label returntomain
  menu label Return to ^main menu
  menu exit

menu end

cd /var/lib/tftpboot/pxelinux/images/
mkdir centos-7.5
cd centos-7.5/
cp /var/www/html/repo/centos/7.5.1804/os/x86_64/isolinux/initrd.img ./
cp /var/www/html/repo/centos/7.5.1804/os/x86_64/isolinux/memtest ./
cp /var/www/html/repo/centos/7.5.1804/os/x86_64/isolinux/vmlinuz ./

[root@mlt-ace pxelinux.cfg]# cd  /var/www/html
[root@mlt-ace html]# ls
ks.cfg  ks-icl.cfg  repo  software

[root@mlt-ace html]# cp  ks.cfg   ks-75.cfg
[root@mlt-ace html]# cat  ks-75.cfg
#platform=x86, AMD64, or Intel EM64T
#version=DEVEL
# Install OS instead of upgrade
install
# Keyboard layouts
keyboard 'us'
# Root password
rootpw --iscrypted $1$akJ8T0bj$Eiuls3j0NXxcscrXa8KUu.
# Use network installation
url --url="http://192.168.10.1/repo/centos/7.5.1804/os/x86_64/"
# System language
lang en_US
# Firewall configuration
firewall --disabled
# System authorization information
auth  --useshadow  --passalgo=sha512
# Use text mode install
text
# SELinux configuration
selinux --disabled
# Do not configure the X Window System
skipx

# Network information
network  --bootproto=dhcp --device=eno1 --activate
network  --bootproto=dhcp --device=eno2 --activate
network  --bootproto=dhcp --device=enp61s0f0 --activate
network  --bootproto=dhcp --device=enp61s0f1 --activate
# Reboot after installation
reboot
# System timezone
timezone Asia/Shanghai
# System bootloader configuration
bootloader --location=mbr
autopart --type=lvm
# Clear the Master Boot Record
zerombr
# Partition clearing information
clearpart --all --initlabel

# Packages
%packages
@^minimal
@core
kexec-tools
@development
@X Window System
vim

%end

%addon com_redhat_kdump --enable --reserve-mb="auto"

%end

[root@mlt-ace html]# cat  ks.cfg
#platform=x86, AMD64, or Intel EM64T
#version=DEVEL
# Install OS instead of upgrade
install
# Keyboard layouts
keyboard 'us'
# Root password
rootpw --iscrypted $1$akJ8T0bj$Eiuls3j0NXxcscrXa8KUu.
# Use network installation
url --url="http://192.168.10.1/repo/centos/7.4.1708/os/x86_64/"
# System language
lang en_US
# Firewall configuration
firewall --disabled
# System authorization information
auth  --useshadow  --passalgo=sha512
# Use text mode install
text
# SELinux configuration
selinux --disabled
# Do not configure the X Window System
skipx

# Network information
network  --bootproto=dhcp --device=eno1 --activate
network  --bootproto=dhcp --device=eno2 --activate
network  --bootproto=dhcp --device=enp61s0f0 --activate
network  --bootproto=dhcp --device=enp61s0f1 --activate
# Reboot after installation
reboot
# System timezone
timezone Asia/Shanghai
# System bootloader configuration
bootloader --location=mbr
autopart --type=lvm
# Clear the Master Boot Record
zerombr
# Partition clearing information
clearpart --all --initlabel

# Packages
%packages
@^minimal
@core
kexec-tools
@development
@X Window System
vim

%end

%addon com_redhat_kdump --enable --reserve-mb="auto"

%end

[root@mlt-ace html]# cat  /etc/dhcp/dhcpd.conf 
# dhcpd.conf
#
# Sample configuration file for ISC dhcpd
#

# option definitions common to all supported networks...
#option domain-name "example.org";
#option domain-name-servers ns1.example.org, ns2.example.org;

default-lease-time 600;
max-lease-time 7200;

# Use this to enble / disable dynamic dns updates globally.
#ddns-update-style none;

# If this DHCP server is the official DHCP server for the local
# network, the authoritative directive should be uncommented.
#authoritative;

# Use this to send dhcp log messages to a different log file (you also
# have to hack syslog.conf to complete the redirection).
log-facility local7;

# No service will be given on this subnet, but declaring it helps the 
# DHCP server to understand the network topology.

#subnet 10.152.187.0 netmask 255.255.255.0 {
#}
#
## This is a very basic subnet declaration.
#
#subnet 10.254.239.0 netmask 255.255.255.224 {
#  range 10.254.239.10 10.254.239.20;
#  option routers rtr-239-0-1.example.org, rtr-239-0-2.example.org;
#}
#
## This declaration allows BOOTP clients to get dynamic addresses,
## which we don't really recommend.
#
#subnet 10.254.239.32 netmask 255.255.255.224 {
#  range dynamic-bootp 10.254.239.40 10.254.239.60;
#  option broadcast-address 10.254.239.31;
#  option routers rtr-239-32-1.example.org;
#}
#
## A slightly different configuration for an internal subnet.
#subnet 10.5.5.0 netmask 255.255.255.224 {
#  range 10.5.5.26 10.5.5.30;
#  option domain-name-servers ns1.internal.example.org;
#  option domain-name "internal.example.org";
#  option routers 10.5.5.1;
#  option broadcast-address 10.5.5.31;
#  default-lease-time 600;
#  max-lease-time 7200;
#}
#
## Hosts which require special configuration options can be listed in
## host statements.   If no address is specified, the address will be
## allocated dynamically (if possible), but the host-specific information
## will still come from the host declaration.
#
#host passacaglia {
#  hardware ethernet 0:0:c0:5d:bd:95;
#  filename "vmunix.passacaglia";
#  server-name "toccata.fugue.com";
#}
#
## Fixed IP addresses can also be specified for hosts.   These addresses
## should not also be listed as being available for dynamic assignment.
## Hosts for which fixed IP addresses have been specified can boot using
## BOOTP or DHCP.   Hosts for which no fixed address is specified can only
## be booted with DHCP, unless there is an address range on the subnet
## to which a BOOTP client is connected which has the dynamic-bootp flag
## set.
#host fantasia {
#  hardware ethernet 08:00:07:26:c0:a5;
#  fixed-address fantasia.fugue.com;
#}
#
## You can declare a class of clients and then do address allocation
## based on that.   The example below shows a case where all clients
## in a certain class get addresses on the 10.17.224/24 subnet, and all
## other clients get addresses on the 10.0.29/24 subnet.
#
#class "foo" {
#  match if substring (option vendor-class-identifier, 0, 4) = "SUNW";
#}
#
#shared-network 224-29 {
#  subnet 10.17.224.0 netmask 255.255.255.0 {
#    option routers rtr-224.example.org;
#  }
#  subnet 10.0.29.0 netmask 255.255.255.0 {
#    option routers rtr-29.example.org;
#  }
#  pool {
#    allow members of "foo";
#    range 10.17.224.10 10.17.224.250;
#  }
#  pool {
#    deny members of "foo";
#    range 10.0.29.10 10.0.29.230;
#  }
#}

option space pxelinux;
option pxelinux.magic code 208 = string;
option pxelinux.configfile code 209 = text;
option pxelinux.pathprefix code 210 = text;
option pxelinux.reboottime code 211 = unsigned integer 32;
option architecture-type code 93 = unsigned integer 16;

subnet 192.168.10.0 netmask 255.255.255.0 {
  range 192.168.10.220 192.168.10.253;
  option routers 192.168.10.1;

  class "pxeclients" {
    match if substring (option vendor-class-identifier, 0, 9) = "PXEClient";
    next-server 192.168.10.1;

#    filename "pxelinux/pxelinux.0";

    if option architecture-type = 00:07 {
      #filename "bootx64.efi";
      filename "shim.efi";
    } else {
      filename "pxelinux/pxelinux.0";
    }
  }
}

[root@mlt-ace tftpboot]# pwd
/var/lib/tftpboot
[root@mlt-ace tftpboot]# cat  grub.cfg 
set default="0"

function load_video {
  insmod efi_gop
  insmod efi_uga
  insmod video_bochs
  insmod video_cirrus
  insmod all_video
}

load_video
set gfxpayload=keep
insmod gzio
insmod part_gpt
insmod ext2

set timeout=60
### END /etc/grub.d/00_header ###

search --no-floppy --set=root -l 'CentOS 7 x86_64'

### BEGIN /etc/grub.d/10_linux ###
menuentry 'KickStart Install CentOS Linux 7.5' --class fedora --class gnu-linux --class gnu --class os {
	linuxefi (tftp)/pxelinux/images/centos-7.5/vmlinuz inst.ks=http://192.168.10.1/ks-75.cfg ip=dhcp
	initrdefi (tftp)/pxelinux/images/centos-7.5/initrd.img
}

menuentry 'KickStart Install CentOS Linux 7.4' --class fedora --class gnu-linux --class gnu --class os {
	linuxefi (tftp)/pxelinux/images/centos-7.4/vmlinuz inst.ks=http://192.168.10.1/ks.cfg ip=dhcp
	initrdefi (tftp)/pxelinux/images/centos-7.4/initrd.img
}

menuentry 'KickStart Install CentOS Linux 7.3' --class fedora --class gnu-linux --class gnu --class os {
	linuxefi (tftp)/pxelinux/images/centos-7.3/vmlinuz inst.ks=http://192.168.10.1/ks.cfg ip=dhcp modprobe.blacklist=ast quiet
	initrdefi (tftp)/pxelinux/images/centos-7.3/initrd.img
}

menuentry 'Install CentOS Linux 7.5' --class fedora --class gnu-linux --class gnu --class os {
	linuxefi (tftp)/pxelinux/images/centos-7.5/vmlinuz inst.repo=http://192.168.10.1/repo/centos/7.5.1804/os/x86_64/ ip=dhcp
	initrdefi (tftp)/pxelinux/images/centos-7.5/initrd.img
}

menuentry 'Install CentOS Linux 7.4' --class fedora --class gnu-linux --class gnu --class os {
	linuxefi (tftp)/pxelinux/images/centos-7.4/vmlinuz inst.repo=http://192.168.10.1/repo/centos/7.4.1708/os/x86_64/ ip=dhcp
	initrdefi (tftp)/pxelinux/images/centos-7.4/initrd.img
}

menuentry 'Install CentOS Linux 7.3' --class fedora --class gnu-linux --class gnu --class os {
	linuxefi (tftp)/pxelinux/images/centos-7.3/vmlinuz inst.repo=http://192.168.10.1/repo/centos/7.3.1611/os/x86_64/ ip=dhcp
	initrdefi (tftp)/pxelinux/images/centos-7.3/initrd.img
}

menuentry 'KickStart Install RHEL 7.4 -for ICL' --class fedora --class gnu-linux --class gnu --class os {
	linuxefi (tftp)/pxelinux/images/RHEL-7.4/vmlinuz inst.ks=http://192.168.10.1/ks-icl.cfg ip=dhcp
	initrdefi (tftp)/pxelinux/images/centos-7.4/initrd.img
}

menuentry 'Install Red Hat Enterprise Linux 7.5' --class fedora --class gnu-linux --class gnu --class os {
	linuxefi (tftp)/pxelinux/images/RHEL-7.5/vmlinuz inst.repo=http://192.168.10.1/repo/redhat/rhel/RHEL-7.5-GA/Server/x86_64/os/ ip=dhcp
	initrdefi (tftp)/pxelinux/images/RHEL-7.5/initrd.img
}

menuentry 'Install Red Hat Enterprise Linux 7.4' --class fedora --class gnu-linux --class gnu --class os {
	linuxefi (tftp)/pxelinux/images/RHEL-7.4/vmlinuz inst.repo=http://192.168.10.1/repo/redhat/rhel/RHEL-7.4-GA/Server/x86_64/os/ ip=dhcp
	initrdefi (tftp)/pxelinux/images/RHEL-7.4/initrd.img
}

submenu 'Troubleshooting -->' {
	menuentry 'Install CentOS Linux 7.4 in basic graphics mode' --class fedora --class gnu-linux --class gnu --class os {
		linuxefi (tftp)/pxelinux/images/centos-7.4/vmlinuz inst.repo=http://192.168.10.1/repo/centos/7.4.1708/os/x86_64/ ip=dhcp xdriver=vesa nomodeset quiet
		initrdefi (tftp)/pxelinux/images/centos-7.4/initrd.img
	}
	menuentry 'Rescue a CentOS Linux system' --class fedora --class gnu-linux --class gnu --class os {
		linuxefi (tftp)/pxelinux/images/centos-7.4/vmlinuz inst.repo=http://192.168.10.1/repo/centos/7.4.1708/os/x86_64/ ip=dhcp rescue quiet
		initrdefi (tftp)/pxelinux/images/centos-7.4/initrd.img
	}
}

[root@mlt-ace tftpboot]# cat   /etc/httpd/conf/httpd.conf 
#
# This is the main Apache HTTP server configuration file.  It contains the
# configuration directives that give the server its instructions.
# See <URL:http://httpd.apache.org/docs/2.4/> for detailed information.
# In particular, see 
# <URL:http://httpd.apache.org/docs/2.4/mod/directives.html>
# for a discussion of each configuration directive.
#
# Do NOT simply read the instructions in here without understanding
# what they do.  They're here only as hints or reminders.  If you are unsure
# consult the online docs. You have been warned.  
#
# Configuration and logfile names: If the filenames you specify for many
# of the server's control files begin with "/" (or "drive:/" for Win32), the
# server will use that explicit path.  If the filenames do *not* begin
# with "/", the value of ServerRoot is prepended -- so 'log/access_log'
# with ServerRoot set to '/www' will be interpreted by the
# server as '/www/log/access_log', where as '/log/access_log' will be
# interpreted as '/log/access_log'.

#
# ServerRoot: The top of the directory tree under which the server's
# configuration, error, and log files are kept.
#
# Do not add a slash at the end of the directory path.  If you point
# ServerRoot at a non-local disk, be sure to specify a local disk on the
# Mutex directive, if file-based mutexes are used.  If you wish to share the
# same ServerRoot for multiple httpd daemons, you will need to change at
# least PidFile.
#
ServerRoot "/etc/httpd"

#
# Listen: Allows you to bind Apache to specific IP addresses and/or
# ports, instead of the default. See also the <VirtualHost>
# directive.
#
# Change this to Listen on specific IP addresses as shown below to 
# prevent Apache from glomming onto all bound IP addresses.
#
#Listen 12.34.56.78:80
Listen 80

#
# Dynamic Shared Object (DSO) Support
#
# To be able to use the functionality of a module which was built as a DSO you
# have to place corresponding `LoadModule' lines at this location so the
# directives contained in it are actually available _before_ they are used.
# Statically compiled modules (those listed by `httpd -l') do not need
# to be loaded here.
#
# Example:
# LoadModule foo_module modules/mod_foo.so
#
Include conf.modules.d/*.conf

#
# If you wish httpd to run as a different user or group, you must run
# httpd as root initially and it will switch.  
#
# User/Group: The name (or #number) of the user/group to run httpd as.
# It is usually good practice to create a dedicated user and group for
# running httpd, as with most system services.
#
User apache
Group apache

# 'Main' server configuration
#
# The directives in this section set up the values used by the 'main'
# server, which responds to any requests that aren't handled by a
# <VirtualHost> definition.  These values also provide defaults for
# any <VirtualHost> containers you may define later in the file.
#
# All of these directives may appear inside <VirtualHost> containers,
# in which case these default settings will be overridden for the
# virtual host being defined.
#

#
# ServerAdmin: Your address, where problems with the server should be
# e-mailed.  This address appears on some server-generated pages, such
# as error documents.  e.g. admin@your-domain.com
#
ServerAdmin root@localhost

#
# ServerName gives the name and port that the server uses to identify itself.
# This can often be determined automatically, but we recommend you specify
# it explicitly to prevent problems during startup.
#
# If your host doesn't have a registered DNS name, enter its IP address here.
#
#ServerName www.example.com:80

#
# Deny access to the entirety of your server's filesystem. You must
# explicitly permit access to web content directories in other 
# <Directory> blocks below.
#
<Directory />
    AllowOverride none
    Require all denied
</Directory>

#
# Note that from this point forward you must specifically allow
# particular features to be enabled - so if something's not working as
# you might expect, make sure that you have specifically enabled it
# below.
#

#
# DocumentRoot: The directory out of which you will serve your
# documents. By default, all requests are taken from this directory, but
# symbolic links and aliases may be used to point to other locations.
#
DocumentRoot "/var/www/html"

#
# Relax access to content within /var/www.
#
<Directory "/var/www">
    AllowOverride None
    # Allow open access:
    Require all granted
</Directory>

# Further relax access to the default document root:
<Directory "/var/www/html">
    #
    # Possible values for the Options directive are "None", "All",
    # or any combination of:
    #   Indexes Includes FollowSymLinks SymLinksifOwnerMatch ExecCGI MultiViews
    #
    # Note that "MultiViews" must be named *explicitly* --- "Options All"
    # doesn't give it to you.
    #
    # The Options directive is both complicated and important.  Please see
    # http://httpd.apache.org/docs/2.4/mod/core.html#options
    # for more information.
    #
    Options Indexes FollowSymLinks

    #
    # AllowOverride controls what directives may be placed in .htaccess files.
    # It can be "All", "None", or any combination of the keywords:
    #   Options FileInfo AuthConfig Limit
    #
    AllowOverride None

    #
    # Controls who can get stuff from this server.
    #
    Require all granted
</Directory>

#
# DirectoryIndex: sets the file that Apache will serve if a directory
# is requested.
#
<IfModule dir_module>
    DirectoryIndex index.html
</IfModule>

#
# The following lines prevent .htaccess and .htpasswd files from being 
# viewed by Web clients. 
#
<Files ".ht*">
    Require all denied
</Files>

#
# ErrorLog: The location of the error log file.
# If you do not specify an ErrorLog directive within a <VirtualHost>
# container, error messages relating to that virtual host will be
# logged here.  If you *do* define an error logfile for a <VirtualHost>
# container, that host's errors will be logged there and not here.
#
ErrorLog "logs/error_log"

#
# LogLevel: Control the number of messages logged to the error_log.
# Possible values include: debug, info, notice, warn, error, crit,
# alert, emerg.
#
LogLevel warn

<IfModule log_config_module>
    #
    # The following directives define some format nicknames for use with
    # a CustomLog directive (see below).
    #
    LogFormat "%h %l %u %t \"%r\" %>s %b \"%{Referer}i\" \"%{User-Agent}i\"" combined
    LogFormat "%h %l %u %t \"%r\" %>s %b" common

    <IfModule logio_module>
      # You need to enable mod_logio.c to use %I and %O
      LogFormat "%h %l %u %t \"%r\" %>s %b \"%{Referer}i\" \"%{User-Agent}i\" %I %O" combinedio
    </IfModule>

    #
    # The location and format of the access logfile (Common Logfile Format).
    # If you do not define any access logfiles within a <VirtualHost>
    # container, they will be logged here.  Contrariwise, if you *do*
    # define per-<VirtualHost> access logfiles, transactions will be
    # logged therein and *not* in this file.
    #
    #CustomLog "logs/access_log" common

    #
    # If you prefer a logfile with access, agent, and referer information
    # (Combined Logfile Format) you can use the following directive.
    #
    CustomLog "logs/access_log" combined
</IfModule>

<IfModule alias_module>
    #
    # Redirect: Allows you to tell clients about documents that used to 
    # exist in your server's namespace, but do not anymore. The client 
    # will make a new request for the document at its new location.
    # Example:
    # Redirect permanent /foo http://www.example.com/bar

    #
    # Alias: Maps web paths into filesystem paths and is used to
    # access content that does not live under the DocumentRoot.
    # Example:
    # Alias /webpath /full/filesystem/path
    #
    # If you include a trailing / on /webpath then the server will
    # require it to be present in the URL.  You will also likely
    # need to provide a <Directory> section to allow access to
    # the filesystem path.

    #
    # ScriptAlias: This controls which directories contain server scripts. 
    # ScriptAliases are essentially the same as Aliases, except that
    # documents in the target directory are treated as applications and
    # run by the server when requested rather than as documents sent to the
    # client.  The same rules about trailing "/" apply to ScriptAlias
    # directives as to Alias.
    #
    ScriptAlias /cgi-bin/ "/var/www/cgi-bin/"

</IfModule>

#
# "/var/www/cgi-bin" should be changed to whatever your ScriptAliased
# CGI directory exists, if you have that configured.
#
<Directory "/var/www/cgi-bin">
    AllowOverride None
    Options None
    Require all granted
</Directory>

<IfModule mime_module>
    #
    # TypesConfig points to the file containing the list of mappings from
    # filename extension to MIME-type.
    #
    TypesConfig /etc/mime.types

    #
    # AddType allows you to add to or override the MIME configuration
    # file specified in TypesConfig for specific file types.
    #
    #AddType application/x-gzip .tgz
    #
    # AddEncoding allows you to have certain browsers uncompress
    # information on the fly. Note: Not all browsers support this.
    #
    #AddEncoding x-compress .Z
    #AddEncoding x-gzip .gz .tgz
    #
    # If the AddEncoding directives above are commented-out, then you
    # probably should define those extensions to indicate media types:
    #
    AddType application/x-compress .Z
    AddType application/x-gzip .gz .tgz

    #
    # AddHandler allows you to map certain file extensions to "handlers":
    # actions unrelated to filetype. These can be either built into the server
    # or added with the Action directive (see below)
    #
    # To use CGI scripts outside of ScriptAliased directories:
    # (You will also need to add "ExecCGI" to the "Options" directive.)
    #
    #AddHandler cgi-script .cgi

    # For type maps (negotiated resources):
    #AddHandler type-map var

    #
    # Filters allow you to process content before it is sent to the client.
    #
    # To parse .shtml files for server-side includes (SSI):
    # (You will also need to add "Includes" to the "Options" directive.)
    #
    AddType text/html .shtml
    AddOutputFilter INCLUDES .shtml
</IfModule>

#
# Specify a default charset for all content served; this enables
# interpretation of all content as UTF-8 by default.  To use the 
# default browser choice (ISO-8859-1), or to allow the META tags
# in HTML content to override this choice, comment out this
# directive:
#
AddDefaultCharset UTF-8

<IfModule mime_magic_module>
    #
    # The mod_mime_magic module allows the server to use various hints from the
    # contents of the file itself to determine its type.  The MIMEMagicFile
    # directive tells the module where the hint definitions are located.
    #
    MIMEMagicFile conf/magic
</IfModule>

#
# Customizable error responses come in three flavors:
# 1) plain text 2) local redirects 3) external redirects
#
# Some examples:
#ErrorDocument 500 "The server made a boo boo."
#ErrorDocument 404 /missing.html
#ErrorDocument 404 "/cgi-bin/missing_handler.pl"
#ErrorDocument 402 http://www.example.com/subscription_info.html
#

#
# EnableMMAP and EnableSendfile: On systems that support it, 
# memory-mapping or the sendfile syscall may be used to deliver
# files.  This usually improves server performance, but must
# be turned off when serving from networked-mounted 
# filesystems or if support for these functions is otherwise
# broken on your system.
# Defaults if commented: EnableMMAP On, EnableSendfile Off
#
#EnableMMAP off
EnableSendfile on

# Supplemental configuration
#
# Load config files in the "/etc/httpd/conf.d" directory, if any.
IncludeOptional conf.d/*.conf
